cached-1 / MISS st_dur=2046.0 200 ttfb=2.451995 total=2.460585 bytes=36068 cc=[max-age=300, must-revalidate]
cached-2 / HIT st_dur=2.0 200 ttfb=0.170915 total=0.200109 bytes=36068 cc=[max-age=300, must-revalidate]
cached-3 / HIT st_dur=2.0 200 ttfb=0.168607 total=0.169484 bytes=36068 cc=[max-age=300, must-revalidate]
uncached-1 /?perfaudit=939731628 MISS st_dur=2038.0 200 ttfb=2.208408 total=2.210126 bytes=36015 cc=[]
uncached-2 /?perfaudit=62752049 MISS st_dur=2432.0 200 ttfb=2.583249 total=2.592117 bytes=36015 cc=[]
uncached-3 /?perfaudit=264115928 MISS st_dur=2168.0 200 ttfb=2.303552 total=2.321650 bytes=36015 cc=[]
cached-1 /birthday-messages-for-mom/ MISS st_dur=2283.0 200 ttfb=2.429135 total=2.448246 bytes=34920 cc=[max-age=300, must-revalidate]
cached-2 /birthday-messages-for-mom/ HIT st_dur=2.0 200 ttfb=0.157119 total=0.167854 bytes=34920 cc=[max-age=300, must-revalidate]
cached-3 /birthday-messages-for-mom/ HIT st_dur=1.0 200 ttfb=0.221414 total=0.238911 bytes=34920 cc=[max-age=300, must-revalidate]
uncached-1 /birthday-messages-for-mom/?perfaudit=2132821501 MISS st_dur=2196.0 200 ttfb=2.343831 total=2.362342 bytes=34867 cc=[]
uncached-2 /birthday-messages-for-mom/?perfaudit=718617282 MISS st_dur=2538.0 200 ttfb=2.694123 total=2.712718 bytes=34867 cc=[]
uncached-3 /birthday-messages-for-mom/?perfaudit=12038091 MISS st_dur=2361.0 200 ttfb=2.523660 total=2.541834 bytes=34867 cc=[]
cached-1 /mothers-day-messages/ MISS st_dur=2296.0 200 ttfb=2.538605 total=2.554485 bytes=37729 cc=[max-age=300, must-revalidate]
cached-2 /mothers-day-messages/ HIT st_dur=2.0 200 ttfb=0.155343 total=0.181114 bytes=37729 cc=[max-age=300, must-revalidate]
cached-3 /mothers-day-messages/ HIT st_dur=2.0 200 ttfb=0.152341 total=0.169426 bytes=37729 cc=[max-age=300, must-revalidate]
uncached-1 /mothers-day-messages/?perfaudit=2020729030 MISS st_dur=2220.0 200 ttfb=2.373978 total=2.390927 bytes=37676 cc=[]
uncached-2 /mothers-day-messages/?perfaudit=111651281 MISS st_dur=2361.0 200 ttfb=2.498862 total=2.517773 bytes=37676 cc=[]
uncached-3 /mothers-day-messages/?perfaudit=1765213839 MISS st_dur=2055.0 200 ttfb=2.235455 total=2.253295 bytes=37676 cc=[]
cached-1 /mothers-day-messages-for-wife-what-she-actually-wants/ MISS st_dur=2424.0 200 ttfb=2.594036 total=2.595208 bytes=38734 cc=[max-age=300, must-revalidate]
cached-2 /mothers-day-messages-for-wife-what-she-actually-wants/ HIT st_dur=1.0 200 ttfb=0.195054 total=0.226581 bytes=38734 cc=[max-age=300, must-revalidate]
cached-3 /mothers-day-messages-for-wife-what-she-actually-wants/ HIT st_dur=2.0 200 ttfb=0.142325 total=0.184393 bytes=38734 cc=[max-age=300, must-revalidate]
uncached-1 /mothers-day-messages-for-wife-what-she-actually-wants/?perfaudit=1177410463 MISS st_dur=2330.0 200 ttfb=2.477370 total=2.508837 bytes=38741 cc=[]
uncached-2 /mothers-day-messages-for-wife-what-she-actually-wants/?perfaudit=1829727821 MISS st_dur=2547.0 200 ttfb=2.715987 total=2.734480 bytes=38741 cc=[]
uncached-3 /mothers-day-messages-for-wife-what-she-actually-wants/?perfaudit=674526871 MISS st_dur=5537.0 200 ttfb=6.023849 total=6.069808 bytes=38706 cc=[]
cached-1 /tag/alps/ HIT st_dur=1.0 200 ttfb=0.447942 total=0.471438 bytes=34760 cc=[max-age=300, must-revalidate]
cached-2 /tag/alps/ HIT st_dur=2.0 200 ttfb=0.164100 total=0.187835 bytes=34760 cc=[max-age=300, must-revalidate]
cached-3 /tag/alps/ HIT st_dur=2.0 200 ttfb=0.179788 total=0.185462 bytes=34760 cc=[max-age=300, must-revalidate]
uncached-1 /tag/alps/?perfaudit=1867124914 MISS st_dur=2322.0 200 ttfb=2.519705 total=2.539931 bytes=34704 cc=[]
uncached-2 /tag/alps/?perfaudit=58764160 MISS st_dur=1984.0 200 ttfb=2.166908 total=2.187382 bytes=34704 cc=[]
uncached-3 /tag/alps/?perfaudit=1807629265 MISS st_dur=1905.0 200 ttfb=2.061116 total=2.088429 bytes=34704 cc=[]
acc-chrome /birthday-messages/ MISS st_dur=2011.0 200 ttfb=2.162642 total=2.186533 bytes=36486 cc=[max-age=300, must-revalidate]
acc-star /birthday-messages/ HIT st_dur=3.0 200 ttfb=0.168555 total=0.192769 bytes=36486 cc=[max-age=300, must-revalidate]
acc-firefox /birthday-messages/ HIT st_dur=1.0 200 ttfb=0.254090 total=0.277723 bytes=36486 cc=[max-age=300, must-revalidate]
acc-safari /birthday-messages/ HIT st_dur=2.0 200 ttfb=0.224063 total=0.237305 bytes=36486 cc=[max-age=300, must-revalidate]
acc-chrome-again /birthday-messages/ HIT st_dur=1.0 200 ttfb=0.167672 total=0.179543 bytes=36486 cc=[max-age=300, must-revalidate]
DONE
